// Jest Snapshot v1, https://goo.gl/fbAQLP

exports[`Given mdAST HTML nodes from gatsby-remark-images adds plugin's CSS class to the wrapper 1`] = `"<span class=\\"gatsby-img-attributes\\" style=\\"display:inline-block; position: absolute;right: 0;top: 0;width: 150px;height: 150px;\\"><span class=\\"gatsby-resp-image-wrapper\\"      style=\\"position: relative; display:block; margin-left: auto; margin-right: auto; max-width: 298px; \\"    > <span    class=\\"gatsby-resp-image-background-image\\"style=\\"padding-bottom: 100%; position: relative; bottom: 0; left: 0; display:block;\\"  ></span>  <img        class=\\"gatsby-resp-image-image\\" alt=\\"fork me on github\\"title=\\"Title from imageAttribute\\"src=\\"/static/712f8e858bea9bc039da2b64fda4bece/ca501/fmog.png\\"srcset=\\"/static/712f8e858bea9bc039da2b64fda4bece/772e8/fmog.png200w,/static/712f8e858bea9bc039da2b64fda4bece/ca501/fmog.png 298w\\"sizes=\\"(max-width: 298px) 100vw, 298px\\"        style=\\"width:100%;height:100%;margin:0;vertical-align:middle;position:absolute;top:0;left:0;\\"loading=\\"lazy\\"      / >    </span></span>"`;

exports[`Given mdAST HTML nodes from gatsby-remark-images applies inline-block style to inline image wrappers 1`] = `"<span class=\\"gatsby-img-attributes\\" style=\\"display:block; box-shadow: 0px 0px 10px 2px rgb(2, 2, 2);width: 150px;\\"><span      class=\\"gatsby-resp-image-wrapper\\"      style=\\"position:relative; display: block; margin-left: auto; margin-right: auto; max-width:150px; \\"    >      <spanclass=\\"gatsby-resp-image-background-image\\"    style=\\"padding-bottom: 100%;position: relative; bottom: 0; left: 0; display: block;\\"  ></span>  <img       class=\\"gatsby-resp-image-image\\"        alt=\\"test\\" title=\\"\\"src=\\"/static/7611aa2af5f5789657c9d4c68a051876/8a4e8/gatsby-logo.png\\"srcset=\\"/static/7611aa2af5f5789657c9d4c68a051876/8a4e8/gatsby-logo.png 150w\\"        sizes=\\"(max-width: 150px) 100vw, 150px\\"        style=\\"width:100%;height:100%;margin:0;vertical-align:middle;position:absolute;top:0;left:0;\\"    loading=\\"lazy\\"      / ></span></span>"`;

exports[`Given mdAST HTML nodes from gatsby-remark-images ignores titles without key=value; pairs 1`] = `"<span class=\\"gatsby-img-attributes\\" style=\\"display:inline-block; width: 150px;\\"><span class=\\"gatsby-resp-image-wrapper\\" style=\\"position: relative; display:block; margin-left: auto; margin-right: auto; max-width: 150px; \\"> <span class=\\"gatsby-resp-image-background-image\\"style=\\"padding-bottom: 100%; position: relative; bottom: 0; left: 0; display:block;\\"></span><img class=\\"gatsby-resp-image-image\\" alt=\\"no attributes\\" title=\\"No attributes, here\\" src=\\"/static/7611aa2af5f5789657c9d4c68a051876/8a4e8/gatsby-logo.png\\"srcset=\\"/static/7611aa2af5f5789657c9d4c68a051876/8a4e8/gatsby-logo.png 150w\\" sizes=\\"(max-width: 150px) 100vw, 150px\\" style=\\"width:100%;height:100%;margin:0;vertical-align:middle;position:absolute;top:0;left:0;\\" loading=\\"lazy\\"/ ></span></span>"`;

exports[`Given mdAST HTML nodes from gatsby-remark-images removes attributes from the title 1`] = `"<span class=\\"gatsby-img-attributes\\" style=\\"display:block; box-shadow: 0px 0px 10px 2px rgb(2, 2, 2);width: 150px;\\"><span      class=\\"gatsby-resp-image-wrapper\\"      style=\\"position:relative; display: block; margin-left: auto; margin-right: auto; max-width:150px; \\"    >      <spanclass=\\"gatsby-resp-image-background-image\\"    style=\\"padding-bottom: 100%;position: relative; bottom: 0; left: 0; display: block;\\"  ></span>  <img       class=\\"gatsby-resp-image-image\\"        alt=\\"test\\" title=\\"\\"src=\\"/static/7611aa2af5f5789657c9d4c68a051876/8a4e8/gatsby-logo.png\\"srcset=\\"/static/7611aa2af5f5789657c9d4c68a051876/8a4e8/gatsby-logo.png 150w\\"        sizes=\\"(max-width: 150px) 100vw, 150px\\"        style=\\"width:100%;height:100%;margin:0;vertical-align:middle;position:absolute;top:0;left:0;\\"    loading=\\"lazy\\"      / ></span></span>"`;

exports[`Given mdAST HTML nodes from gatsby-remark-images sets title to value of a title= attribute 1`] = `"<span class=\\"gatsby-img-attributes\\" style=\\"display:inline-block; position: absolute;right: 0;top: 0;width: 150px;height: 150px;\\"><span class=\\"gatsby-resp-image-wrapper\\"      style=\\"position: relative; display:block; margin-left: auto; margin-right: auto; max-width: 298px; \\"    > <span    class=\\"gatsby-resp-image-background-image\\"style=\\"padding-bottom: 100%; position: relative; bottom: 0; left: 0; display:block;\\"  ></span>  <img        class=\\"gatsby-resp-image-image\\" alt=\\"fork me on github\\"title=\\"Title from imageAttribute\\"src=\\"/static/712f8e858bea9bc039da2b64fda4bece/ca501/fmog.png\\"srcset=\\"/static/712f8e858bea9bc039da2b64fda4bece/772e8/fmog.png200w,/static/712f8e858bea9bc039da2b64fda4bece/ca501/fmog.png 298w\\"sizes=\\"(max-width: 298px) 100vw, 298px\\"        style=\\"width:100%;height:100%;margin:0;vertical-align:middle;position:absolute;top:0;left:0;\\"loading=\\"lazy\\"      / >    </span></span>"`;

exports[`Given mdAST HTML nodes from gatsby-remark-images with showCaption option wraps with a <div> 1`] = `
"<div class=\\"gatsby-img-attributes\\" style=\\"width: 64px;\\"><figure class=\\"gatsby-resp-image-figure\\" style=\\"\\">
    <span
class=\\"gatsby-resp-image-wrapper\\"
      style=\\"position: relative; display:block; margin-left: auto; margin-right: auto; max-width: 150px; \\"
    >
 <span
    class=\\"gatsby-resp-image-background-image\\"
style=\\"padding-bottom: 100%; position: relative; bottom: 0; left: 0; display:block;\\"
  ></span>
  <img
        class=\\"gatsby-resp-image-image\\"
 alt=\\"title from attribute\\"
        title=\\"This has a title from image attributes\\"
src=\\"/static/7611aa2af5f5789657c9d4c68a051876/8a4e8/gatsby-logo.png\\"
srcset=\\"/static/7611aa2af5f5789657c9d4c68a051876/8a4e8/gatsby-logo.png 150w\\"
        sizes=\\"(max-width: 150px) 100vw, 150px\\"
        style=\\"width:100%;height:100%;margin:0;vertical-align:middle;position:absolute;top:0;left:0;\\"
    loading=\\"lazy\\"
      / >
    </span>
    <figcaption class=\\"gatsby-resp-image-figcaption\\">This has a title from image attributes</figcaption>
  </figure></div>"
`;

exports[`Given mdAST Image nodes adds plugin's CSS class to the image 1`] = `"<img src=\\"./gatsby-logo.png\\" class=\\"gatsby-img-attributes\\" style=\\"width: 10px;color: rgb(10, 10, 10);\\" alt=\\"gatsby\\" title=\\"\\"/>"`;

exports[`Given mdAST Image nodes doesn't trip over values with spaces 1`] = `"<img src=\\"./gatsby-logo.png\\" class=\\"gatsby-img-attributes\\" style=\\"width: 10px;color: rgb(10, 10, 10);\\" alt=\\"gatsby\\" title=\\"\\"/>"`;

exports[`Given mdAST Image nodes removes attributes from the title 1`] = `"<img src=\\"./remove.png\\" class=\\"gatsby-img-attributes\\" style=\\"height: 10px;\\" alt=\\"remove\\" title=\\"\\"/>"`;

exports[`Given mdAST Image nodes sets title to value of a title= attribute 1`] = `"<img src=\\"./attribute.png\\" class=\\"gatsby-img-attributes\\" style=\\"width: 32px;color: blue;\\" alt=\\"fromAttribute\\" title=\\"title from attribute\\"/>"`;

exports[`Given the userOption styleAttributes warns about styleAttributes option being deprecated 1`] = `"<img src=\\"./remove.png\\" class=\\"gatsby-img-attributes\\" style=\\"height: 10px;\\" alt=\\"remove\\" title=\\"\\"/>"`;
